INFO  11:06:27.271558 === Data Processing System Starting ===
INFO  11:06:27.271990 Generated 40 tasks
INFO  11:06:27.271967 Worker-3 started
INFO  11:06:27.272018 Enqueued Task-1[alpha data packet 1]
INFO  11:06:27.272042 Worker-3 picked up Task-1[alpha data packet 1]
INFO  11:06:27.272055 Worker-5 started
INFO  11:06:27.272050 Enqueued Task-2[gamma data packet 2]
INFO  11:06:27.272062 Worker-5 picked up Task-2[gamma data packet 2]
INFO  11:06:27.272067 Enqueued Task-3[delta data packet 3]
INFO  11:06:27.272077 Enqueued Task-4[alpha data packet 4]
INFO  11:06:27.272081 Enqueued Task-5[delta data packet 5]
INFO  11:06:27.272085 Enqueued Task-6[alpha data packet 6]
INFO  11:06:27.272089 Enqueued Task-7[gamma data packet 7]
INFO  11:06:27.272093 Enqueued Task-8[beta data packet 8]
INFO  11:06:27.272096 Enqueued Task-9[delta data packet 9]
INFO  11:06:27.272100 Enqueued Task-10[delta data packet 10]
INFO  11:06:27.272103 Enqueued Task-11[epsilon data packet 11]
INFO  11:06:27.272107 Enqueued Task-12[gamma data packet 12]
INFO  11:06:27.272110 Enqueued Task-13[alpha data packet 13]
INFO  11:06:27.272113 Enqueued Task-14[delta data packet 14]
INFO  11:06:27.272116 Enqueued Task-15[gamma data packet 15]
INFO  11:06:27.272120 Enqueued Task-16[delta data packet 16]
INFO  11:06:27.272123 Enqueued Task-17[gamma data packet 17]
INFO  11:06:27.272127 Enqueued Task-18[beta data packet 18]
INFO  11:06:27.272131 Enqueued Task-19[alpha data packet 19]
INFO  11:06:27.272134 Enqueued Task-20[epsilon data packet 20]
INFO  11:06:27.272141 Enqueued Task-21[gamma data packet 21]
INFO  11:06:27.272145 Enqueued Task-22[epsilon data packet 22]
INFO  11:06:27.272148 Enqueued Task-23[epsilon data packet 23]
INFO  11:06:27.272152 Enqueued Task-24[alpha data packet 24]
INFO  11:06:27.272155 Enqueued Task-25[epsilon data packet 25]
INFO  11:06:27.272158 Enqueued Task-26[beta data packet 26]
INFO  11:06:27.272162 Enqueued Task-27[gamma data packet 27]
INFO  11:06:27.272166 Enqueued Task-28[epsilon data packet 28]
INFO  11:06:27.272169 Enqueued Task-29[gamma data packet 29]
INFO  11:06:27.272173 Enqueued Task-30[epsilon data packet 30]
INFO  11:06:27.272176 Enqueued Task-31[gamma data packet 31]
INFO  11:06:27.272180 Enqueued Task-32[gamma data packet 32]
INFO  11:06:27.272184 Enqueued Task-33[alpha data packet 33]
INFO  11:06:27.272187 Enqueued Task-34[alpha data packet 34]
INFO  11:06:27.272191 Enqueued Task-35[epsilon data packet 35]
INFO  11:06:27.272195 Enqueued Task-36[delta data packet 36]
INFO  11:06:27.272266 Enqueued Task-37[epsilon data packet 37]
INFO  11:06:27.272270 Enqueued Task-38[gamma data packet 38]
INFO  11:06:27.272274 Enqueued Task-39[gamma data packet 39]
INFO  11:06:27.272277 Enqueued Task-40[gamma data packet 40]
INFO  11:06:27.272281 All 40 tasks enqueued; channel closed
INFO  11:06:27.272001 Worker-2 started
INFO  11:06:27.272289 Worker-2 picked up Task-3[delta data packet 3]
INFO  11:06:27.272052 Worker-6 started
INFO  11:06:27.272299 Worker-6 picked up Task-4[alpha data packet 4]
INFO  11:06:27.271977 Worker-1 started
INFO  11:06:27.272311 Worker-1 picked up Task-5[delta data packet 5]
INFO  11:06:27.272116 Worker-4 started
INFO  11:06:27.272321 Worker-4 picked up Task-6[alpha data packet 6]
INFO  11:06:27.328359 Worker-1 picked up Task-7[gamma data packet 7]
INFO  11:06:27.338341 Worker-6 picked up Task-8[beta data packet 8]
INFO  11:06:27.384456 Worker-1 picked up Task-9[delta data packet 9]
INFO  11:06:27.433902 Worker-3 picked up Task-10[delta data packet 10]
INFO  11:06:27.449357 Worker-4 picked up Task-11[epsilon data packet 11]
INFO  11:06:27.475563 Worker-1 picked up Task-12[gamma data packet 12]
INFO  11:06:27.489098 Worker-5 picked up Task-13[alpha data packet 13]
INFO  11:06:27.503678 Worker-3 picked up Task-14[delta data packet 14]
INFO  11:06:27.515335 Worker-2 picked up Task-15[gamma data packet 15]
INFO  11:06:27.562428 Worker-6 picked up Task-16[delta data packet 16]
INFO  11:06:27.574177 Worker-5 picked up Task-17[gamma data packet 17]
INFO  11:06:27.575854 Worker-1 picked up Task-18[beta data packet 18]
INFO  11:06:27.621461 Worker-2 picked up Task-19[alpha data packet 19]
INFO  11:06:27.635544 Worker-6 picked up Task-20[epsilon data packet 20]
INFO  11:06:27.680210 Worker-4 picked up Task-21[gamma data packet 21]
INFO  11:06:27.683246 Worker-1 picked up Task-22[epsilon data packet 22]
INFO  11:06:27.696881 Worker-3 picked up Task-23[epsilon data packet 23]
INFO  11:06:27.701091 Worker-6 picked up Task-24[alpha data packet 24]
INFO  11:06:27.816634 Worker-2 picked up Task-25[epsilon data packet 25]
INFO  11:06:27.822816 Worker-5 picked up Task-26[beta data packet 26]
INFO  11:06:27.858319 Worker-1 picked up Task-27[gamma data packet 27]
INFO  11:06:27.883962 Worker-3 picked up Task-28[epsilon data packet 28]
ERROR 11:06:27.901869 Worker-6 error processing Task-24[alpha data packet 24]: simulated failure for Task-24[alpha data packet 24]
INFO  11:06:27.901928 Worker-6 picked up Task-29[gamma data packet 29]
ERROR 11:06:27.919320 Worker-4 error processing Task-21[gamma data packet 21]: simulated failure for Task-21[gamma data packet 21]
INFO  11:06:27.919373 Worker-4 picked up Task-30[epsilon data packet 30]
INFO  11:06:27.933887 Worker-2 picked up Task-31[gamma data packet 31]
INFO  11:06:27.988913 Worker-5 picked up Task-32[gamma data packet 32]
INFO  11:06:28.056995 Worker-6 picked up Task-33[alpha data packet 33]
INFO  11:06:28.066420 Worker-1 picked up Task-34[alpha data packet 34]
INFO  11:06:28.070933 Worker-4 picked up Task-35[epsilon data packet 35]
INFO  11:06:28.070947 Worker-2 picked up Task-36[delta data packet 36]
INFO  11:06:28.079313 Worker-3 picked up Task-37[epsilon data packet 37]
INFO  11:06:28.123039 Worker-4 picked up Task-38[gamma data packet 38]
INFO  11:06:28.124144 Worker-5 picked up Task-39[gamma data packet 39]
INFO  11:06:28.134045 Worker-2 picked up Task-40[gamma data packet 40]
INFO  11:06:28.182280 Worker-5 finished
INFO  11:06:28.218772 Worker-3 finished
INFO  11:06:28.230110 Worker-2 finished
ERROR 11:06:28.276267 Worker-6 error processing Task-33[alpha data packet 33]: simulated failure for Task-33[alpha data packet 33]
INFO  11:06:28.276368 Worker-6 finished
INFO  11:06:28.295508 Worker-1 finished
INFO  11:06:28.303982 Worker-4 finished
INFO  11:06:28.304915 Results written to results.txt
INFO  11:06:28.304928 === Processing complete. Tasks submitted: 40 | Results recorded: 37 ===
